/home/xggh8/data/diffusion-models-from-scratch/envs/torch-2.13.0/lib/python3.13/site-packages/torch/cuda/__init__.py:422: UserWarning: Found GPU0 Tesla V100-PCIE-32GB which is of compute capability (CC) 7.0.
The following list shows the CCs this version of PyTorch was built for and the hardware CCs it supports:
- 7.5 which supports hardware CC >=7.5,<8.0
- 8.0 which supports hardware CC >=8.0,<9.0 except {8.7}
- 8.6 which supports hardware CC >=8.6,<9.0 except {8.7}
- 9.0 which supports hardware CC >=9.0,<10.0
- 10.0 which supports hardware CC >=10.0,<11.0 except {10.1}
- 12.0 which supports hardware CC >=12.0,<13.0
Your installed torch==2.13.0+cu130 does not include kernels for this GPU. Reinstall the same version against a CUDA build that does, e.g.:
  For CUDA 12.6 use pip install torch==2.13.0 --index-url https://download.pytorch.org/whl/cu126
  _warn_unsupported_code(d, device_cc, code_ccs)
Traceback (most recent call last):
  File "/cluster/pixstor/home/xggh8/projects/diffusion-models-from-scratch/scripts/train_full_cifar10.py", line 514, in <module>
    raise SystemExit(main())
                     ~~~~^^
  File "/cluster/pixstor/home/xggh8/projects/diffusion-models-from-scratch/scripts/train_full_cifar10.py", line 220, in main
    model = CIFAR10UNet(primary_unet_config()).to(device)
  File "/home/xggh8/data/diffusion-models-from-scratch/envs/torch-2.13.0/lib/python3.13/site-packages/torch/nn/modules/module.py", line 1383, in to
    return self._apply(convert)
           ~~~~~~~~~~~^^^^^^^^^
  File "/home/xggh8/data/diffusion-models-from-scratch/envs/torch-2.13.0/lib/python3.13/site-packages/torch/nn/modules/module.py", line 933, in _apply
    module._apply(fn)
    ~~~~~~~~~~~~~^^^^
  File "/home/xggh8/data/diffusion-models-from-scratch/envs/torch-2.13.0/lib/python3.13/site-packages/torch/nn/modules/module.py", line 933, in _apply
    module._apply(fn)
    ~~~~~~~~~~~~~^^^^
  File "/home/xggh8/data/diffusion-models-from-scratch/envs/torch-2.13.0/lib/python3.13/site-packages/torch/nn/modules/module.py", line 933, in _apply
    module._apply(fn)
    ~~~~~~~~~~~~~^^^^
  File "/home/xggh8/data/diffusion-models-from-scratch/envs/torch-2.13.0/lib/python3.13/site-packages/torch/nn/modules/module.py", line 964, in _apply
    param_applied = fn(param)
  File "/home/xggh8/data/diffusion-models-from-scratch/envs/torch-2.13.0/lib/python3.13/site-packages/torch/nn/modules/module.py", line 1369, in convert
    return t.to(
           ~~~~^
        device,
        ^^^^^^^
        dtype if t.is_floating_point() or t.is_complex() else None,
        ^^^^^^^^^^^^^^^^^^^^^^^^^^^^^^^^^^^^^^^^^^^^^^^^^^^^^^^^^^^
        non_blocking,
        ^^^^^^^^^^^^^
    )
    ^
torch.AcceleratorError: CUDA error: no kernel image is available for execution on the device
Search for `cudaErrorNoKernelImageForDevice' in https://docs.nvidia.com/cuda/cuda-runtime-api/group__CUDART__TYPES.html for more information.
For more detailed error information, run with CUDA_LOG_FILE=stderr

